node : (node:97576) [MODULE_TYPELESS_PACKAGE_JSON] Warning: Module type of file:///D:/AI/global-news-pwa/test_weibo_integration.js is not specified and it doesn't parse as CommonJS.
所在位置 行:1 字符: 1
+ node test_weibo_integration.js > test_output.txt 2>&1
+ ~~~~~~~~~~~~~~~~~~~~~~~~~~~~~~~~~~~~~~~~~~~~~~~~~~~~~
    + CategoryInfo          : NotSpecified: ((node:97576) [M...se as CommonJS.:String) [], RemoteException
    + FullyQualifiedErrorId : NativeCommandError
 
Reparsing as ES module because module syntax was detected. This incurs a performance overhead.
To eliminate this warning, add "type": "module" to D:\AI\global-news-pwa\package.json.
(Use `node --trace-warnings ...` to show where the warning was created)
Testing WeiboAdapter with integrated cookie generator...
--- WeiboAdapter.fetchHotSearch START ---
Trying Weibo source: weibo-direct (https://weibo.com/ajax/side/hotSearch)
[WeiboCookie] Starting guest cookie generation...
[WeiboCookie] Successfully generated SUB cookie.
[WeiboAdapter] Using generated cookie for source: weibo-direct
Weibo weibo-direct returned status: 403
Trying Weibo source: github-raw-master (https://raw.githubusercontent.com/justjavac/weibo-trending-hot-search/master/hot-search.json)
Weibo github-raw-master returned status: 404
Trying Weibo source: jsdelivr (https://cdn.jsdelivr.net/gh/justjavac/weibo-trending-hot-search@master/hot-search.json)
Weibo jsdelivr returned status: 403
Trying Weibo source: jsdelivr-fastly (https://fastly.jsdelivr.net/gh/justjavac/weibo-trending-hot-search@master/hot-search.json)
Weibo jsdelivr-fastly returned status: 403
Trying Weibo source: tenapi (https://tenapi.cn/v2/weibohot)
Weibo tenapi returned HTML (likely 404 page or captcha)
Trying Weibo source: vvhan (https://api.vvhan.com/api/hotlist/weiboHot)
Weibo vvhan failed: fetch failed
Trying Weibo source: oioweb (https://api.oioweb.cn/api/common/HotList?type=weibo)
Weibo oioweb returned status: 502
All Weibo sources failed, generating fallback data now
SUCCESS: Fetched 10 hot search items.
First item: {
  id: 'weibo-fallback-0-1771368437359',
  title: '鏄ヨ妭妗ｇ數褰辩エ鎴垮垱鏂伴珮',
  url: 'https://s.weibo.com/weibo?q=%E6%98%A5%E8%8A%82%E6%A1%A3%E7%94%B5%E5%BD%B1%E7%A5%A8%E6%88%BF%E5%88%9B%E6%96%B0%E9%AB%98',
  source: '寰崥鐑悳',
  rank: 1,
  views: 0,
  titleOriginal: '鏄ヨ妭妗ｇ數褰辩エ鎴垮垱鏂伴珮',
  timestamp: '2026-02-17T22:47:17.359Z'
}
Data seems to be from official source (views is number).
